Archive member included to satisfy reference by file (symbol)

C:/HWP/HWP/avr8-gnu-toolchain-4.0.0.52-win32.any.x86_64/avr8-gnu-toolchain-win32_x86_64/bin/../lib/gcc/avr/15.1.0/avr51\libgcc.a(_exit.o)
                              C:/HWP/HWP/avr8-gnu-toolchain-4.0.0.52-win32.any.x86_64/avr8-gnu-toolchain-win32_x86_64/bin/../lib/gcc/avr/15.1.0/../../../../avr/lib/avr51/crtatmega1280.o (exit)
C:/HWP/HWP/avr8-gnu-toolchain-4.0.0.52-win32.any.x86_64/avr8-gnu-toolchain-win32_x86_64/bin/../lib/gcc/avr/15.1.0/avr51\libgcc.a(_tablejump2.o)
                              Build\obj\main.o (__tablejump2__)
C:/HWP/HWP/avr8-gnu-toolchain-4.0.0.52-win32.any.x86_64/avr8-gnu-toolchain-win32_x86_64/bin/../lib/gcc/avr/15.1.0/avr51\libgcc.a(_copy_data.o)
                              Build\obj\pathFollower.o (__do_copy_data)
C:/HWP/HWP/avr8-gnu-toolchain-4.0.0.52-win32.any.x86_64/avr8-gnu-toolchain-win32_x86_64/bin/../lib/gcc/avr/15.1.0/avr51\libgcc.a(_clear_bss.o)
                              Build\obj\communication.o (__do_clear_bss)
C:/HWP/HWP/avr8-gnu-toolchain-4.0.0.52-win32.any.x86_64/avr8-gnu-toolchain-win32_x86_64/bin/../lib/gcc/avr/15.1.0/avr51\libgcc.a(_muluhisi3.o)
                              Build\obj\timeTask.o (__muluhisi3)
C:/HWP/HWP/avr8-gnu-toolchain-4.0.0.52-win32.any.x86_64/avr8-gnu-toolchain-win32_x86_64/bin/../lib/gcc/avr/15.1.0/avr51\libgcc.a(_umulhisi3.o)
                              C:/HWP/HWP/avr8-gnu-toolchain-4.0.0.52-win32.any.x86_64/avr8-gnu-toolchain-win32_x86_64/bin/../lib/gcc/avr/15.1.0/avr51\libgcc.a(_muluhisi3.o) (__umulhisi3)
C:/HWP/HWP/avr8-gnu-toolchain-4.0.0.52-win32.any.x86_64/avr8-gnu-toolchain-win32_x86_64/bin/../lib/gcc/avr/15.1.0/../../../../avr/lib/avr51\libm.a(addsf3.o)
                              Build\obj\pathFollower.o (__subsf3)
C:/HWP/HWP/avr8-gnu-toolchain-4.0.0.52-win32.any.x86_64/avr8-gnu-toolchain-win32_x86_64/bin/../lib/gcc/avr/15.1.0/../../../../avr/lib/avr51\libm.a(addsf3x.o)
                              C:/HWP/HWP/avr8-gnu-toolchain-4.0.0.52-win32.any.x86_64/avr8-gnu-toolchain-win32_x86_64/bin/../lib/gcc/avr/15.1.0/../../../../avr/lib/avr51\libm.a(addsf3.o) (__addsf3x)
C:/HWP/HWP/avr8-gnu-toolchain-4.0.0.52-win32.any.x86_64/avr8-gnu-toolchain-win32_x86_64/bin/../lib/gcc/avr/15.1.0/../../../../avr/lib/avr51\libm.a(cmpsf2.o)
                              Build\obj\pathFollower.o (__ltsf2)
C:/HWP/HWP/avr8-gnu-toolchain-4.0.0.52-win32.any.x86_64/avr8-gnu-toolchain-win32_x86_64/bin/../lib/gcc/avr/15.1.0/../../../../avr/lib/avr51\libm.a(cos.o)
                              Build\obj\main.o (cosf)
C:/HWP/HWP/avr8-gnu-toolchain-4.0.0.52-win32.any.x86_64/avr8-gnu-toolchain-win32_x86_64/bin/../lib/gcc/avr/15.1.0/../../../../avr/lib/avr51\libm.a(divsf3.o)
                              Build\obj\pathFollower.o (__divsf3)
C:/HWP/HWP/avr8-gnu-toolchain-4.0.0.52-win32.any.x86_64/avr8-gnu-toolchain-win32_x86_64/bin/../lib/gcc/avr/15.1.0/../../../../avr/lib/avr51\libm.a(divsf3x.o)
                              C:/HWP/HWP/avr8-gnu-toolchain-4.0.0.52-win32.any.x86_64/avr8-gnu-toolchain-win32_x86_64/bin/../lib/gcc/avr/15.1.0/../../../../avr/lib/avr51\libm.a(divsf3.o) (__divsf3x)
C:/HWP/HWP/avr8-gnu-toolchain-4.0.0.52-win32.any.x86_64/avr8-gnu-toolchain-win32_x86_64/bin/../lib/gcc/avr/15.1.0/../../../../avr/lib/avr51\libm.a(fixsfsi.o)
                              Build\obj\pathFollower.o (__fixsfsi)
C:/HWP/HWP/avr8-gnu-toolchain-4.0.0.52-win32.any.x86_64/avr8-gnu-toolchain-win32_x86_64/bin/../lib/gcc/avr/15.1.0/../../../../avr/lib/avr51\libm.a(fixunssfsi.o)
                              C:/HWP/HWP/avr8-gnu-toolchain-4.0.0.52-win32.any.x86_64/avr8-gnu-toolchain-win32_x86_64/bin/../lib/gcc/avr/15.1.0/../../../../avr/lib/avr51\libm.a(fixsfsi.o) (__fixunssfsi)
C:/HWP/HWP/avr8-gnu-toolchain-4.0.0.52-win32.any.x86_64/avr8-gnu-toolchain-win32_x86_64/bin/../lib/gcc/avr/15.1.0/../../../../avr/lib/avr51\libm.a(floatsisf.o)
                              Build\obj\pathFollower.o (__floatsisf)
C:/HWP/HWP/avr8-gnu-toolchain-4.0.0.52-win32.any.x86_64/avr8-gnu-toolchain-win32_x86_64/bin/../lib/gcc/avr/15.1.0/../../../../avr/lib/avr51\libm.a(fma.o)
                              Build\obj\pathFollower.o (fmaf)
C:/HWP/HWP/avr8-gnu-toolchain-4.0.0.52-win32.any.x86_64/avr8-gnu-toolchain-win32_x86_64/bin/../lib/gcc/avr/15.1.0/../../../../avr/lib/avr51\libm.a(fp_cmp.o)
                              C:/HWP/HWP/avr8-gnu-toolchain-4.0.0.52-win32.any.x86_64/avr8-gnu-toolchain-win32_x86_64/bin/../lib/gcc/avr/15.1.0/../../../../avr/lib/avr51\libm.a(cmpsf2.o) (__fp_cmp)
C:/HWP/HWP/avr8-gnu-toolchain-4.0.0.52-win32.any.x86_64/avr8-gnu-toolchain-win32_x86_64/bin/../lib/gcc/avr/15.1.0/../../../../avr/lib/avr51\libm.a(fp_inf.o)
                              C:/HWP/HWP/avr8-gnu-toolchain-4.0.0.52-win32.any.x86_64/avr8-gnu-toolchain-win32_x86_64/bin/../lib/gcc/avr/15.1.0/../../../../avr/lib/avr51\libm.a(addsf3x.o) (__fp_inf)
[...]
Memory Configuration

Name             Origin             Length             Attributes
text             0x00000000         0x00020000         xr
data             0x00800200         0x00002000         rw!x
eeprom           0x00810000         0x00001000         rw!x
fuse             0x00820000         0x00000003         rw!x
lock             0x00830000         0x00000400         rw!x
signature        0x00840000         0x00000400         rw!x
user_signatures  0x00850000         0x00000400         rw!x
*default*        0x00000000         0xffffffff

Linker script and memory map

Address of section .data set to 0x800200
LOAD C:/HWP/HWP/avr8-gnu-toolchain-4.0.0.52-win32.any.x86_64/avr8-gnu-toolchain-win32_x86_64/bin/../lib/gcc/avr/15.1.0/../../../../avr/lib/avr51/crtatmega1280.o
LOAD C:/HWP/HWP/avr8-gnu-toolchain-4.0.0.52-win32.any.x86_64/avr8-gnu-toolchain-win32_x86_64/bin/../lib/gcc/avr/15.1.0/../../../../avr/lib/avr51\libm.a
LOAD Build\obj\communication.o
LOAD Build\obj\adc.o
LOAD Build\obj\i2c.o
LOAD Build\obj\uart.o
LOAD Build\obj\motor.o
LOAD Build\obj\pathFollower.o
LOAD Build\obj\labyrinth.o
LOAD Build\obj\remoteDataProcessing.o
LOAD Build\obj\timeTask.o
LOAD Build\obj\badISR.o
LOAD Build\obj\main.o
LOAD Build\obj\statemachine.o
LOAD Build\obj\bumper.o
LOAD Build\obj\encoder.o
LOAD Build\obj\adc_isr.o
LOAD Build\obj\uart_isr.o
LOAD Build\obj\timeTask_isr.o
START GROUP
LOAD C:/HWP/HWP/avr8-gnu-toolchain-4.0.0.52-win32.any.x86_64/avr8-gnu-toolchain-win32_x86_64/bin/../lib/gcc/avr/15.1.0/avr51\libgcc.a
LOAD C:/HWP/HWP/avr8-gnu-toolchain-4.0.0.52-win32.any.x86_64/avr8-gnu-toolchain-win32_x86_64/bin/../lib/gcc/avr/15.1.0/../../../../avr/lib/avr51\libm.a
LOAD C:/HWP/HWP/avr8-gnu-toolchain-4.0.0.52-win32.any.x86_64/avr8-gnu-toolchain-win32_x86_64/bin/../lib/gcc/avr/15.1.0/../../../../avr/lib/avr51\libc.a
LOAD C:/HWP/HWP/avr8-gnu-toolchain-4.0.0.52-win32.any.x86_64/avr8-gnu-toolchain-win32_x86_64/bin/../lib/gcc/avr/15.1.0/../../../../avr/lib/avr51\libatmega1280.a
END GROUP
                [0x00000000]                      __TEXT_REGION_ORIGIN__ = DEFINED (__TEXT_REGION_ORIGIN__)?__TEXT_REGION_ORIGIN__:0x0
                [0x00020000]                      __TEXT_REGION_LENGTH__ = DEFINED (__TEXT_REGION_LENGTH__)?__TEXT_REGION_LENGTH__:0x20000
                [0x00800200]                      __DATA_REGION_ORIGIN__ = DEFINED (__DATA_REGION_ORIGIN__)?__DATA_REGION_ORIGIN__:0x800100
                [0x00002000]                      __DATA_REGION_LENGTH__ = DEFINED (__DATA_REGION_LENGTH__)?__DATA_REGION_LENGTH__:0xff00
                [0x00001000]                      __EEPROM_REGION_LENGTH__ = DEFINED (__EEPROM_REGION_LENGTH__)?__EEPROM_REGION_LENGTH__:0x10000
                [0x00000003]                      __FUSE_REGION_LENGTH__ = DEFINED (__FUSE_REGION_LENGTH__)?__FUSE_REGION_LENGTH__:0x400
                0x00000400                        __LOCK_REGION_LENGTH__ = DEFINED (__LOCK_REGION_LENGTH__)?__LOCK_REGION_LENGTH__:0x400
                0x00000400                        __SIGNATURE_REGION_LENGTH__ = DEFINED (__SIGNATURE_REGION_LENGTH__)?__SIGNATURE_REGION_LENGTH__:0x400
                0x00000400                        __USER_SIGNATURE_REGION_LENGTH__ = DEFINED (__USER_SIGNATURE_REGION_LENGTH__)?__USER_SIGNATURE_REGION_LENGTH__:0x400

.hash
 *(.hash)

.dynsym
 *(.dynsym)

.dynstr
 *(.dynstr)

.gnu.version
 *(.gnu.version)

.gnu.version_d
 *(.gnu.version_d)

.gnu.version_r
 *(.gnu.version_r)

.rel.init
 *(.rel.init)

.rela.init
 *(.rela.init)

.rel.text
 *(.rel.text)
 *(.rel.text.*)
 *(.rel.gnu.linkonce.t*)

.rela.text
 *(.rela.text)
 *(.rela.text.*)
 *(.rela.gnu.linkonce.t*)

.rel.fini
 *(.rel.fini)

.rela.fini
 *(.rela.fini)

.rel.rodata
 *(.rel.rodata)
 *(.rel.rodata.*)
 *(.rel.gnu.linkonce.r*)

.rela.rodata
 *(.rela.rodata)
 *(.rela.rodata.*)
 *(.rela.gnu.linkonce.r*)

.rel.data
 *(.rel.data)
 *(.rel.data.*)
 *(.rel.gnu.linkonce.d*)

.rela.data
 *(.rela.data)
 *(.rela.data.*)
 *(.rela.gnu.linkonce.d*)

.rel.ctors
 *(.rel.ctors)

.rela.ctors
 *(.rela.ctors)

.rel.dtors
 *(.rel.dtors)

.rela.dtors
 *(.rela.dtors)

.rel.got
 *(.rel.got)

.rela.got
 *(.rela.got)

.rel.bss
 *(.rel.bss)

.rela.bss
 *(.rela.bss)

.rel.plt
 *(.rel.plt)

.rela.plt
 *(.rela.plt)

.text           0x00000000     0x2b1a
 *(.vectors)
 .vectors       0x00000000       0xe4 C:/HWP/HWP/avr8-gnu-toolchain-4.0.0.52-win32.any.x86_64/avr8-gnu-toolchain-win32_x86_64/bin/../lib/gcc/avr/15.1.0/../../../../avr/lib/avr51/crtatmega1280.o
                0x00000000                __vectors
 *(.vectors)
 *(.progmem.gcc*)
                0x000000e4                        . = ALIGN (0x2)
                0x000000e4                        __trampolines_start = .
 *(.trampolines)
 .trampolines   0x000000e4        0x0 linker stubs
 *(.trampolines*)
                0x000000e4                        __trampolines_end = .
 *libprintf_flt.a:*(.progmem.data)
 *libc.a:*(.progmem.data)
 *(.progmem.*)
 .progmem.data.__c.3
                0x000000e4       0x18 Build\obj\pathFollower.o
 .progmem.data.__c.4
                0x000000fc        0xf Build\obj\pathFollower.o
 .progmem.data.__c.5
                0x0000010b       0x10 Build\obj\pathFollower.o
 .progmem.data.__c.6
                0x0000011b       0x11 Build\obj\pathFollower.o
 .progmem.data.__c.7
                0x0000012c       0x12 Build\obj\pathFollower.o
 .progmem.data.__c.8
                0x0000013e       0x2b Build\obj\pathFollower.o
 .progmem.data.__c.9
                0x00000169       0x33 Build\obj\pathFollower.o
 .progmem.data.__c.0
                0x0000019c       0x1c Build\obj\main.o
 .progmem.data.__c.1
                0x000001b8       0x3f Build\obj\main.o
 .progmem.data.__c.2
                0x000001f7       0x2c Build\obj\main.o
 .progmem.data.__c.3
                0x00000223       0x2c Build\obj\main.o
 .progmem.data.__c.4
                0x0000024f       0x4a Build\obj\main.o
 .progmem.data.__c.5
                0x00000299       0x1d Build\obj\main.o
 .progmem.data.__c.6
                0x000002b6       0x25 Build\obj\main.o
 .progmem.data.__c.7
                0x000002db       0x18 Build\obj\main.o
 .progmem.data.__c.14
                0x000002f3        0x7 Build\obj\main.o
                0x000002fa                        . = ALIGN (0x2)
 *(.lowtext)
 *(.lowtext*)
                0x000002fa                        __ctors_start = .
 *(.ctors)
                0x000002fa                        __ctors_end = .
                0x000002fa                        __dtors_start = .
 *(.dtors)
                0x000002fa                        __dtors_end = .
 SORT_BY_NAME(*)(.ctors)
 SORT_BY_NAME(*)(.dtors)
 *(.init0)
 .init0         0x000002fa        0x0 C:/HWP/HWP/avr8-gnu-toolchain-4.0.0.52-win32.any.x86_64/avr8-gnu-toolchain-win32_x86_64/bin/../lib/gcc/avr/15.1.0/../../../../avr/lib/avr51/crtatmega1280.o
                0x000002fa                __init
 *(.init0)
 *(.init1)
 *(.init1)
 *(.init2)
 .init2         0x000002fa        0xc C:/HWP/HWP/avr8-gnu-toolchain-4.0.0.52-win32.any.x86_64/avr8-gnu-toolchain-win32_x86_64/bin/../lib/gcc/avr/15.1.0/../../../../avr/lib/avr51/crtatmega1280.o
 *(.init2)
 *(.init3)
 .init3         0x00000306        0x2 Build\obj\timeTask.o
                0x00000306                init_GPIOR0
 *(.init3)
 *(.init4)
 .init4         0x00000308       0x1a C:/HWP/HWP/avr8-gnu-toolchain-4.0.0.52-win32.any.x86_64/avr8-gnu-toolchain-win32_x86_64/bin/../lib/gcc/avr/15.1.0/avr51\libgcc.a(_copy_data.o)
                0x00000308                __do_copy_data
 .init4         0x00000322       0x10 C:/HWP/HWP/avr8-gnu-toolchain-4.0.0.52-win32.any.x86_64/avr8-gnu-toolchain-win32_x86_64/bin/../lib/gcc/avr/15.1.0/avr51\libgcc.a(_clear_bss.o)
                0x00000322                __do_clear_bss
 *(.init4)
 *(.init5)
 *(.init5)
 *(.init6)
 *(.init6)
 *(.init7)
 *(.init7)
 *(.init8)
 *(.init8)
 *(.init9)
 .init9         0x00000332        0x6 C:/HWP/HWP/avr8-gnu-toolchain-4.0.0.52-win32.any.x86_64/avr8-gnu-toolchain-win32_x86_64/bin/../lib/gcc/avr/15.1.0/../../../../avr/lib/avr51/crtatmega1280.o
 *(.init9)
 *(.text)
 .text          0x00000338        0x2 C:/HWP/HWP/avr8-gnu-toolchain-4.0.0.52-win32.any.x86_64/avr8-gnu-toolchain-win32_x86_64/bin/../lib/gcc/avr/15.1.0/../../../../avr/lib/avr51/crtatmega1280.o
                0x00000338                __vector_38
                0x00000338                __vector_22
                0x00000338                __vector_28
                0x00000338                __vector_1
                0x00000338                __vector_32
                0x00000338                __vector_34
                0x00000338                __vector_24
                0x00000338                __vector_12
                0x00000338                __vector_55
                0x00000338                __vector_46
                0x00000338                __bad_interrupt
                0x00000338                __vector_6
                0x00000338                __vector_31
                0x00000338                __vector_35
                0x00000338                __vector_39
                0x00000338                __vector_3
                0x00000338                __vector_23
                0x00000338                __vector_30
                0x00000338                __vector_45
                0x00000338                __vector_25
                0x00000338                __vector_54
                0x00000338                __vector_13
                0x00000338                __vector_17
                0x00000338                __vector_19
                0x00000338                __vector_56
                0x00000338                __vector_7
                0x00000338                __vector_49
                0x00000338                __vector_41
                0x00000338                __vector_43
                0x00000338                __vector_27
                0x00000338                __vector_5
                0x00000338                __vector_33
                0x00000338                __vector_52
                0x00000338                __vector_4
                0x00000338                __vector_44
                0x00000338                __vector_51
                0x00000338                __vector_2
                0x00000338                __vector_21
                0x00000338                __vector_15
                0x00000338                __vector_40
                0x00000338                __vector_8
                0x00000338                __vector_26
                0x00000338                __vector_48
                0x00000338                __vector_14
                0x00000338                __vector_53
                0x00000338                __vector_10
                0x00000338                __vector_50
                0x00000338                __vector_16
                0x00000338                __vector_18
                0x00000338                __vector_20
                0x00000338                __vector_42
 .text          0x0000033a       0x9a Build\obj\adc_isr.o
                0x0000033a                __vector_29
 .text          0x000003d4       0x78 Build\obj\uart_isr.o
                0x000003d4                __vector_36
                0x00000412                __vector_37
 .text          0x0000044c       0x6c Build\obj\timeTask_isr.o
                0x0000044c                __vector_47
                0x000004b8                        . = ALIGN (0x2)
 *(.text.*)
 .text.readPackets
                0x000004b8      0x15c Build\obj\communication.o
 .text.communication_init
                0x00000614       0x10 Build\obj\communication.o
                0x00000614                communication_init
 .text.communication_setCallback
                0x00000624       0x12 Build\obj\communication.o
                0x00000624                communication_setCallback
 .text.communication_writePacket
                0x00000636       0xec Build\obj\communication.o
                0x00000636                communication_writePacket
 .text.communication_log
                0x00000722       0x68 Build\obj\communication.o
                0x00000722                communication_log
 .text.communication_log_P
                0x0000078a       0x68 Build\obj\communication.o
                0x0000078a                communication_log_P
 .text.communication_readPackets
                0x000007f2        0xa Build\obj\communication.o
                0x000007f2                communication_readPackets
 .text.ADC_init
                0x000007fc       0xb6 Build\obj\adc.o
                0x000007fc                ADC_init
 .text.ADC_getFilteredValue
                0x000008b2       0x28 Build\obj\adc.o
                0x000008b2                ADC_getFilteredValue
 .text.uart_write1
                0x000008da       0x24 Build\obj\uart.o
                0x000008da                uart_write1
 .text.uart_read1
                0x000008fe       0x24 Build\obj\uart.o
                0x000008fe                uart_read1
 .text.uart_available1
                0x00000922       0x12 Build\obj\uart.o
                0x00000922                uart_available1
 .text.uart_init
                0x00000934       0x26 Build\obj\uart.o
                0x00000934                uart_init
 .text.Motor_init
                0x0000095a       0x98 Build\obj\motor.o
                0x0000095a                Motor_init
 .text.Motor_setPWM
                0x000009f2       0x70 Build\obj\motor.o
                0x000009f2                Motor_setPWM
 .text.Motor_stopAll
                0x00000a62       0x2c Build\obj\motor.o
                0x00000a62                Motor_stopAll
 .text.commPathFollowerParameters
                0x00000a8e       0x82 Build\obj\pathFollower.o
                0x00000a8e                commPathFollowerParameters
 .text.setPath  0x00000b10      0x1ac Build\obj\pathFollower.o
 .text.commPathFollower
                0x00000cbc      0x122 Build\obj\pathFollower.o
                0x00000cbc                commPathFollower
 .text.pathFollower_init
                0x00000dde       0x10 Build\obj\pathFollower.o
                0x00000dde                pathFollower_init
 .text.rdp_command
                0x00000dee       0x96 Build\obj\remoteDataProcessing.o
 .text.remoteDataProcessing_command
                0x00000e84       0x20 Build\obj\remoteDataProcessing.o
                0x00000e84                remoteDataProcessing_command
 .text.remoteDataProcessing_clear
                0x00000ea4       0x22 Build\obj\remoteDataProcessing.o
                0x00000ea4                remoteDataProcessing_clear
 .text.timeTask_init
                0x00000ec6       0x44 Build\obj\timeTask.o
                0x00000ec6                timeTask_init
 .text.timeTask_getTimestamp
                0x00000f0a       0x2e Build\obj\timeTask.o
                0x00000f0a                timeTask_getTimestamp
 .text.timeTask_getDuration
                0x00000f38       0x46 Build\obj\timeTask.o
                0x00000f38                timeTask_getDuration
 .text.__vector_default
                0x00000f7e       0x2c Build\obj\badISR.o
                0x00000f7e                __vector_default
 .text.commDriveCommand
                0x00000faa        0x2 Build\obj\main.o
 .text.commDebug
                0x00000fac       0x1e Build\obj\main.o
 .text.commUserCommand
                0x00000fca      0x26a Build\obj\main.o
 .text.commAdditionalPose
                0x00001234        0x2 Build\obj\main.o
 .text.commRobotParameters
                0x00001236        0x2 Build\obj\main.o
 .text.commPose
                0x00001238        0x2 Build\obj\main.o
 .text.startup.main
                0x0000123a      0x69e Build\obj\main.o
                0x0000123a                main
 .text.drive_Forward_5sec
                0x000018d8       0x62 Build\obj\statemachine.o
                0x000018d8                drive_Forward_5sec
 .text.stateMachine
                0x0000193a       0x20 Build\obj\statemachine.o
                0x0000193a                stateMachine
 .text.setState
                0x0000195a        0x6 Build\obj\statemachine.o
                0x0000195a                setState
 .text.bumper_init
                0x00001960        0x6 Build\obj\bumper.o
                0x00001960                bumper_init
 .text.__vector_11
                0x00001966       0x66 Build\obj\encoder.o
                0x00001966                __vector_11
 .text.__vector_9
                0x000019cc       0x6c Build\obj\encoder.o
                0x000019cc                __vector_9
 .text.encoder_init
                0x00001a38       0x5c Build\obj\encoder.o
                0x00001a38                encoder_init
 .text.encoder_getValue
                0x00001a94       0x2e Build\obj\encoder.o
                0x00001a94                encoder_getValue
 .text.encoder_reset
                0x00001ac2       0x2a Build\obj\encoder.o
                0x00001ac2                encoder_reset
 .text.encoder_getRawPins
                0x00001aec       0x1e Build\obj\encoder.o
                0x00001aec                encoder_getRawPins
 .text.libgcc   0x00001b0a       0x12 C:/HWP/HWP/avr8-gnu-toolchain-4.0.0.52-win32.any.x86_64/avr8-gnu-toolchain-win32_x86_64/bin/../lib/gcc/avr/15.1.0/avr51\libgcc.a(_tablejump2.o)
                0x00001b0a                __tablejump2__
 .text.libgcc.mul
                0x00001b1c       0x14 C:/HWP/HWP/avr8-gnu-toolchain-4.0.0.52-win32.any.x86_64/avr8-gnu-toolchain-win32_x86_64/bin/../lib/gcc/avr/15.1.0/avr51\libgcc.a(_muluhisi3.o)
                0x00001b1c                __muluhisi3
 .text.libgcc.mul
                0x00001b30       0x1e C:/HWP/HWP/avr8-gnu-toolchain-4.0.0.52-win32.any.x86_64/avr8-gnu-toolchain-win32_x86_64/bin/../lib/gcc/avr/15.1.0/avr51\libgcc.a(_umulhisi3.o)
                0x00001b30                __umulhisi3
 .text.avr-libc.fplib
                0x00001b4e        0xa C:/HWP/HWP/avr8-gnu-toolchain-4.0.0.52-win32.any.x86_64/avr8-gnu-toolchain-win32_x86_64/bin/../lib/gcc/avr/15.1.0/../../../../avr/lib/avr51\libm.a(addsf3.o)
                0x00001b4e                __subsf3
                0x00001b50                __addsf3
 .text.avr-libc.fplib
                0x00001b58       0xc0 C:/HWP/HWP/avr8-gnu-toolchain-4.0.0.52-win32.any.x86_64/avr8-gnu-toolchain-win32_x86_64/bin/../lib/gcc/avr/15.1.0/../../../../avr/lib/avr51\libm.a(addsf3x.o)
                0x00001b72                __addsf3x
 .text.avr-libc.fplib
                0x00001c18        0x6 C:/HWP/HWP/avr8-gnu-toolchain-4.0.0.52-win32.any.x86_64/avr8-gnu-toolchain-win32_x86_64/bin/../lib/gcc/avr/15.1.0/../../../../avr/lib/avr51\libm.a(cos.o)
                0x00001c18                cos
                0x00001c18                cosf
 .text.avr-libc.fplib
                0x00001c1e        0x4 C:/HWP/HWP/avr8-gnu-toolchain-4.0.0.52-win32.any.x86_64/avr8-gnu-toolchain-win32_x86_64/bin/../lib/gcc/avr/15.1.0/../../../../avr/lib/avr51\libm.a(divsf3.o)
                0x00001c1e                __divsf3
 .text.avr-libc.fplib
                0x00001c22       0xcc C:/HWP/HWP/avr8-gnu-toolchain-4.0.0.52-win32.any.x86_64/avr8-gnu-toolchain-win32_x86_64/bin/../lib/gcc/avr/15.1.0/../../../../avr/lib/avr51\libm.a(divsf3x.o)
                0x00001c38                __divsf3x
                0x00001c3c                __divsf3_pse
 .text.avr-libc.fplib
                0x00001cee        0xa C:/HWP/HWP/avr8-gnu-toolchain-4.0.0.52-win32.any.x86_64/avr8-gnu-toolchain-win32_x86_64/bin/../lib/gcc/avr/15.1.0/../../../../avr/lib/avr51\libm.a(fixsfsi.o)
                0x00001cee                __fixsfsi
 .text.avr-libc.fplib
                0x00001cf8       0x58 C:/HWP/HWP/avr8-gnu-toolchain-4.0.0.52-win32.any.x86_64/avr8-gnu-toolchain-win32_x86_64/bin/../lib/gcc/avr/15.1.0/../../../../avr/lib/avr51\libm.a(fixunssfsi.o)
                0x00001cf8                __fixunssfsi
 .text.avr-libc.fplib
                0x00001d50       0x7a C:/HWP/HWP/avr8-gnu-toolchain-4.0.0.52-win32.any.x86_64/avr8-gnu-toolchain-win32_x86_64/bin/../lib/gcc/avr/15.1.0/../../../../avr/lib/avr51\libm.a(floatsisf.o)
                0x00001d50                __floatunsisf
                0x00001d54                __floatsisf
 .text.avr-libc.fplib
                0x00001dca       0x48 C:/HWP/HWP/avr8-gnu-toolchain-4.0.0.52-win32.any.x86_64/avr8-gnu-toolchain-win32_x86_64/bin/../lib/gcc/avr/15.1.0/../../../../avr/lib/avr51\libm.a(fp_cmp.o)
                0x00001dca                __fp_cmp
 .text.avr-libc.fplib
                0x00001e12        0xc C:/HWP/HWP/avr8-gnu-toolchain-4.0.0.52-win32.any.x86_64/avr8-gnu-toolchain-win32_x86_64/bin/../lib/gcc/avr/15.1.0/../../../../avr/lib/avr51\libm.a(fp_inf.o)
                0x00001e12                __fp_inf
 .text.avr-libc.fplib
                0x00001e1e        0x6 C:/HWP/HWP/avr8-gnu-toolchain-4.0.0.52-win32.any.x86_64/avr8-gnu-toolchain-win32_x86_64/bin/../lib/gcc/avr/15.1.0/../../../../avr/lib/avr51\libm.a(fp_nan.o)
                0x00001e1e                __fp_nan
 .text.avr-libc.fplib
                0x00001e24        0xe C:/HWP/HWP/avr8-gnu-toolchain-4.0.0.52-win32.any.x86_64/avr8-gnu-toolchain-win32_x86_64/bin/../lib/gcc/avr/15.1.0/../../../../avr/lib/avr51\libm.a(fp_pscA.o)
                0x00001e24                __fp_pscA
 .text.avr-libc.fplib
                0x00001e32        0xe C:/HWP/HWP/avr8-gnu-toolchain-4.0.0.52-win32.any.x86_64/avr8-gnu-toolchain-win32_x86_64/bin/../lib/gcc/avr/15.1.0/../../../../avr/lib/avr51\libm.a(fp_pscB.o)
                0x00001e32                __fp_pscB
 .text.avr-libc.fplib
                0x00001e40       0x50 C:/HWP/HWP/avr8-gnu-toolchain-4.0.0.52-win32.any.x86_64/avr8-gnu-toolchain-win32_x86_64/bin/../lib/gcc/avr/15.1.0/../../../../avr/lib/avr51\libm.a(fp_rempio2.o)
                0x00001e42                __fp_rempio2
 .text.avr-libc.fplib
                0x00001e90       0x22 C:/HWP/HWP/avr8-gnu-toolchain-4.0.0.52-win32.any.x86_64/avr8-gnu-toolchain-win32_x86_64/bin/../lib/gcc/avr/15.1.0/../../../../avr/lib/avr51\libm.a(fp_round.o)
                0x00001e90                __fp_round
 .text.avr-libc.fplib
                0x00001eb2       0x24 C:/HWP/HWP/avr8-gnu-toolchain-4.0.0.52-win32.any.x86_64/avr8-gnu-toolchain-win32_x86_64/bin/../lib/gcc/avr/15.1.0/../../../../avr/lib/avr51\libm.a(fp_sinus.o)
                0x00001eb2                __fp_sinus
 .text.avr-libc.fplib
                0x00001ed6       0x44 C:/HWP/HWP/avr8-gnu-toolchain-4.0.0.52-win32.any.x86_64/avr8-gnu-toolchain-win32_x86_64/bin/../lib/gcc/avr/15.1.0/../../../../avr/lib/avr51\libm.a(fp_split3.o)
                0x00001ed6                __fp_split3
                0x00001ee6                __fp_splitA
 .text.avr-libc.fplib
                0x00001f1a        0xe C:/HWP/HWP/avr8-gnu-toolchain-4.0.0.52-win32.any.x86_64/avr8-gnu-toolchain-win32_x86_64/bin/../lib/gcc/avr/15.1.0/../../../../avr/lib/avr51\libm.a(fp_zero.o)
                0x00001f1a                __fp_zero
                0x00001f1c                __fp_szero
 .text.avr-libc.fplib
                0x00001f28        0x8 C:/HWP/HWP/avr8-gnu-toolchain-4.0.0.52-win32.any.x86_64/avr8-gnu-toolchain-win32_x86_64/bin/../lib/gcc/avr/15.1.0/../../../../avr/lib/avr51\libm.a(gesf2.o)
                0x00001f28                __gesf2
                0x00001f28                __gtsf2
 .text.avr-libc.fplib
                0x00001f30       0xc2 C:/HWP/HWP/avr8-gnu-toolchain-4.0.0.52-win32.any.x86_64/avr8-gnu-toolchain-win32_x86_64/bin/../lib/gcc/avr/15.1.0/../../../../avr/lib/avr51\libm.a(hypot.o)
                0x00001f42                hypot
                0x00001f42                hypotf
 .text.avr-libc.fplib
                0x00001ff2       0x6c C:/HWP/HWP/avr8-gnu-toolchain-4.0.0.52-win32.any.x86_64/avr8-gnu-toolchain-win32_x86_64/bin/../lib/gcc/avr/15.1.0/../../../../avr/lib/avr51\libm.a(ldexp.o)
                0x00001ff6                ldexp
                0x00001ff6                ldexpf
 .text.avr-libc.fplib
                0x0000205e        0x4 C:/HWP/HWP/avr8-gnu-toolchain-4.0.0.52-win32.any.x86_64/avr8-gnu-toolchain-win32_x86_64/bin/../lib/gcc/avr/15.1.0/../../../../avr/lib/avr51\libm.a(mulsf3.o)
                0x0000205e                __mulsf3
 .text.avr-libc.fplib
                0x00002062       0xc2 C:/HWP/HWP/avr8-gnu-toolchain-4.0.0.52-win32.any.x86_64/avr8-gnu-toolchain-win32_x86_64/bin/../lib/gcc/avr/15.1.0/../../../../avr/lib/avr51\libm.a(mulsf3x.o)
                0x00002076                __mulsf3x
                0x0000207a                __mulsf3_pse
 .text.avr-libc.fplib
                0x00002124        0xc C:/HWP/HWP/avr8-gnu-toolchain-4.0.0.52-win32.any.x86_64/avr8-gnu-toolchain-win32_x86_64/bin/../lib/gcc/avr/15.1.0/../../../../avr/lib/avr51\libm.a(sin.o)
                0x00002124                sinf
                0x00002124                sin
 .text.avr-libc.fplib
                0x00002130       0x84 C:/HWP/HWP/avr8-gnu-toolchain-4.0.0.52-win32.any.x86_64/avr8-gnu-toolchain-win32_x86_64/bin/../lib/gcc/avr/15.1.0/../../../../avr/lib/avr51\libm.a(sqrt.o)
                0x00002138                sqrtf
                0x00002138                sqrt
 .text.avr-libc.fplib
                0x000021b4       0x1c C:/HWP/HWP/avr8-gnu-toolchain-4.0.0.52-win32.any.x86_64/avr8-gnu-toolchain-win32_x86_64/bin/../lib/gcc/avr/15.1.0/../../../../avr/lib/avr51\libm.a(fp_mpack.o)
                0x000021b4                __fp_mpack
                0x000021b8                __fp_mpack_finite
 .text.avr-libc.fplib
                0x000021d0        0xe C:/HWP/HWP/avr8-gnu-toolchain-4.0.0.52-win32.any.x86_64/avr8-gnu-toolchain-win32_x86_64/bin/../lib/gcc/avr/15.1.0/../../../../avr/lib/avr51\libm.a(fp_norm2.o)
                0x000021d0                __fp_norm2
 .text.avr-libc.fplib
                0x000021de       0x26 C:/HWP/HWP/avr8-gnu-toolchain-4.0.0.52-win32.any.x86_64/avr8-gnu-toolchain-win32_x86_64/bin/../lib/gcc/avr/15.1.0/../../../../avr/lib/avr51\libm.a(fp_powsodd.o)
                0x000021de                __fp_powsodd
 .text.avr-libc.fplib
                0x00002204       0x4c C:/HWP/HWP/avr8-gnu-toolchain-4.0.0.52-win32.any.x86_64/avr8-gnu-toolchain-win32_x86_64/bin/../lib/gcc/avr/15.1.0/../../../../avr/lib/avr51\libm.a(fp_powser.o)
                0x00002204                __fp_powser
 .text.avr-libc
                0x00002250      0x23a C:/HWP/HWP/avr8-gnu-toolchain-4.0.0.52-win32.any.x86_64/avr8-gnu-toolchain-win32_x86_64/bin/../lib/gcc/avr/15.1.0/../../../../avr/lib/avr51\libc.a(malloc.o)
                0x00002250                malloc
                0x00002374                free
 .text.avr-libc
                0x0000248a       0x12 C:/HWP/HWP/avr8-gnu-toolchain-4.0.0.52-win32.any.x86_64/avr8-gnu-toolchain-win32_x86_64/bin/../lib/gcc/avr/15.1.0/../../../../avr/lib/avr51\libc.a(memcpy.o)
                0x0000248a                memcpy
 .text.avr-libc
                0x0000249c       0x72 C:/HWP/HWP/avr8-gnu-toolchain-4.0.0.52-win32.any.x86_64/avr8-gnu-toolchain-win32_x86_64/bin/../lib/gcc/avr/15.1.0/../../../../avr/lib/avr51\libc.a(vsnprintf.o)
                0x0000249c                vsnprintf
 .text.avr-libc
                0x0000250e       0x72 C:/HWP/HWP/avr8-gnu-toolchain-4.0.0.52-win32.any.x86_64/avr8-gnu-toolchain-win32_x86_64/bin/../lib/gcc/avr/15.1.0/../../../../avr/lib/avr51\libc.a(vsnprintf_p.o)
                0x0000250e                vsnprintf_P
 .text.avr-libc
                0x00002580      0x40c C:/HWP/HWP/avr8-gnu-toolchain-4.0.0.52-win32.any.x86_64/avr8-gnu-toolchain-win32_x86_64/bin/../lib/gcc/avr/15.1.0/../../../../avr/lib/avr51\libc.a(vfprintf_std.o)
                0x00002580                vfprintf
 .text.avr-libc
                0x0000298c       0x16 C:/HWP/HWP/avr8-gnu-toolchain-4.0.0.52-win32.any.x86_64/avr8-gnu-toolchain-win32_x86_64/bin/../lib/gcc/avr/15.1.0/../../../../avr/lib/avr51\libc.a(strnlen_P.o)
                0x0000298c                strnlen_P
 .text.avr-libc
                0x000029a2       0x16 C:/HWP/HWP/avr8-gnu-toolchain-4.0.0.52-win32.any.x86_64/avr8-gnu-toolchain-win32_x86_64/bin/../lib/gcc/avr/15.1.0/../../../../avr/lib/avr51\libc.a(strnlen.o)
                0x000029a2                strnlen
 .text.avr-libc
                0x000029b8       0x60 C:/HWP/HWP/avr8-gnu-toolchain-4.0.0.52-win32.any.x86_64/avr8-gnu-toolchain-win32_x86_64/bin/../lib/gcc/avr/15.1.0/../../../../avr/lib/avr51\libc.a(fputc.o)
                0x000029b8                fputc
 .text.avr-libc
                0x00002a18       0xbc C:/HWP/HWP/avr8-gnu-toolchain-4.0.0.52-win32.any.x86_64/avr8-gnu-toolchain-win32_x86_64/bin/../lib/gcc/avr/15.1.0/../../../../avr/lib/avr51\libc.a(ultoa_invert.o)
                0x00002a18                __ultoa_invert
 .text.libgcc.div
                0x00002ad4       0x10 C:/HWP/HWP/avr8-gnu-toolchain-4.0.0.52-win32.any.x86_64/avr8-gnu-toolchain-win32_x86_64/bin/../lib/gcc/avr/15.1.0/avr51\libgcc.a(_negsi2.o)
                0x00002ad4                __negsi2
                0x00002ae4                        . = ALIGN (0x2)
 *(.fini9)
 .fini9         0x00002ae4        0x0 C:/HWP/HWP/avr8-gnu-toolchain-4.0.0.52-win32.any.x86_64/avr8-gnu-toolchain-win32_x86_64/bin/../lib/gcc/avr/15.1.0/avr51\libgcc.a(_exit.o)
                0x00002ae4                _exit
                0x00002ae4                exit
 *(.fini9)
 *(.fini8)
 *(.fini8)
 *(.fini7)
 *(.fini7)
 *(.fini6)
 *(.fini6)
 *(.fini5)
 *(.fini5)
 *(.fini4)
 *(.fini4)
 *(.fini3)
 *(.fini3)
 *(.fini2)
 *(.fini2)
 *(.fini1)
 *(.fini1)
 *(.fini0)
 .fini0         0x00002ae4        0x4 C:/HWP/HWP/avr8-gnu-toolchain-4.0.0.52-win32.any.x86_64/avr8-gnu-toolchain-win32_x86_64/bin/../lib/gcc/avr/15.1.0/avr51\libgcc.a(_exit.o)
 *(.fini0)
 *(.hightext)
 *(.hightext*)
 *(.progmemx.*)
 .progmemx.gcc_fplib.sinus
                0x00002ae8       0x1e C:/HWP/HWP/avr8-gnu-toolchain-4.0.0.52-win32.any.x86_64/avr8-gnu-toolchain-win32_x86_64/bin/../lib/gcc/avr/15.1.0/../../../../avr/lib/avr51\libm.a(fp_sinus.o)
                0x00002b06                        . = ALIGN (0x2)
 *(.jumptables)
 *(.jumptables*)
 .jumptables.gcc.commUserCommand
                0x00002b06       0x14 Build\obj\main.o
                0x00002b1a                        _etext = .

.data           0x00800200      0xc90 load address 0x00002b1a
                0x00800200                        PROVIDE (__data_start = .)
 *(.data)
 .data          0x00800200        0x6 C:/HWP/HWP/avr8-gnu-toolchain-4.0.0.52-win32.any.x86_64/avr8-gnu-toolchain-win32_x86_64/bin/../lib/gcc/avr/15.1.0/../../../../avr/lib/avr51\libc.a(malloc.o)
                0x00800200                __malloc_heap_end
                0x00800202                __malloc_heap_start
                0x00800204                __malloc_margin
 *(.data*)
 .data.curSeg   0x00800206        0x2 Build\obj\pathFollower.o
 .data.pathFollower_segmentLimit
                0x00800208        0x1 Build\obj\pathFollower.o
 .data.pathFollower_lookaheadDistance
                0x00800209        0x4 Build\obj\pathFollower.o
 .data.timeTask_uptime
                0x0080020d        0x4 Build\obj\timeTask.o
                0x0080020d                timeTask_uptime
 .data.pose     0x00800211        0xc Build\obj\main.o
 *(.gnu.linkonce.d*)
 *(.rodata)
 *(.rodata*)
 .rodata.commDebug.str1.1
                0x0080021d      0xc63 Build\obj\main.o
                                 0x12 (size before relaxing)
 .rodata.commUserCommand.str1.1
                0x00800e80      0x261 Build\obj\main.o
 .rodata.main.str1.1
                0x00800e80      0x9f0 Build\obj\main.o
 .rodata.quadrature_table
                0x00800e80       0x10 Build\obj\encoder.o
 *(.gnu.linkonce.r*)
                0x00801870                        . = ALIGN (0x2)
                0x00800e90                        _edata = .
                0x00800e90                        PROVIDE (__data_end = .)

.bss            0x00800e90      0xcf6
                0x00800e90                        PROVIDE (__bss_start = .)
 *(.bss)
 .bss           0x00800e90        0x4 C:/HWP/HWP/avr8-gnu-toolchain-4.0.0.52-win32.any.x86_64/avr8-gnu-toolchain-win32_x86_64/bin/../lib/gcc/avr/15.1.0/../../../../avr/lib/avr51\libc.a(malloc.o)
                0x00800e90                __flp
                0x00800e92                __brkval
 *(.bss*)
 .bss.errors    0x00800e94        0x1 Build\obj\communication.o
 .bss.inChksum  0x00800e95        0x1 Build\obj\communication.o
 .bss.isESC     0x00800e96        0x1 Build\obj\communication.o
 .bss.inBufLen  0x00800e97        0x2 Build\obj\communication.o
 .bss.inBuf     0x00800e99      0x400 Build\obj\communication.o
 .bss.communication_ChannelReceivers
                0x00801299       0x20 Build\obj\communication.o
 .bss.ADC_currentChannel
                0x008012b9        0x2 Build\obj\adc.o
                0x008012b9                ADC_currentChannel
 .bss.ADC_channels
                0x008012bb       0x32 Build\obj\adc.o
                0x008012bb                ADC_channels
 .bss.uart1_TX_buf
                0x008012ed      0x100 Build\obj\uart.o
                0x008012ed                uart1_TX_buf
 .bss.uart1_RX_buf
                0x008013ed       0x80 Build\obj\uart.o
                0x008013ed                uart1_RX_buf
 .bss.uart1     0x0080146d        0x5 Build\obj\uart.o
                0x0080146d                uart1
 .bss.initialized
                0x00801472        0x1 Build\obj\pathFollower.o
 .bss.pathLength
                0x00801473        0x1 Build\obj\pathFollower.o
 .bss.path      0x00801474        0x2 Build\obj\pathFollower.o
 .bss.pathFollower_callback
                0x00801476        0x2 Build\obj\pathFollower.o
 .bss.pathFollower_extStatus
                0x00801478        0x5 Build\obj\pathFollower.o
 .bss.pathFollower_status
                0x0080147d       0x11 Build\obj\pathFollower.o
 .bss.timeTask_time_ms
                0x0080148e        0x4 Build\obj\timeTask.o
                0x0080148e                timeTask_time_ms
 .bss.ENCODER_CALIBRATION_TASK.8
                0x00801492        0x2 Build\obj\main.o
 .bss.INFRARED3_OUTPUT_TASK.9
                0x00801494        0x2 Build\obj\main.o
 .bss.t_index.10
                0x00801496        0x2 Build\obj\main.o
 .bss.POSE_TASK.11
                0x00801498        0x2 Build\obj\main.o
 .bss.TELEMETRY_TASK.12
                0x0080149a        0x2 Build\obj\main.o
 .bss.LED_TASK.13
                0x0080149c        0x2 Build\obj\main.o
 .bss.calibration_phase
                0x0080149e       0xfa Build\obj\main.o
 .bss.calibration_pwm
                0x00801598      0x1f4 Build\obj\main.o
 .bss.calibration_enc2
                0x0080178c      0x1f4 Build\obj\main.o
 .bss.calibration_enc1
                0x00801980      0x1f4 Build\obj\main.o
 .bss.calibration_rotation_phase
                0x00801b74        0x1 Build\obj\main.o
 .bss.calibration_sample_count
                0x00801b75        0x1 Build\obj\main.o
 .bss.encoder_calibration_active
                0x00801b76        0x1 Build\obj\main.o
 .bss.infrared3_output_active
                0x00801b77        0x1 Build\obj\main.o
 .bss.initialized.0
                0x00801b78        0x1 Build\obj\statemachine.o
 .bss.start     0x00801b79        0x6 Build\obj\statemachine.o
 .bss.currentState
                0x00801b7f        0x1 Build\obj\statemachine.o
                0x00801b7f                currentState
 .bss.encoder2_last_state
                0x00801b80        0x1 Build\obj\encoder.o
 .bss.encoder1_last_state
                0x00801b81        0x1 Build\obj\encoder.o
 .bss.encoder2_count
                0x00801b82        0x2 Build\obj\encoder.o
 .bss.encoder1_count
                0x00801b84        0x2 Build\obj\encoder.o
 *(COMMON)
                0x00801b86                        PROVIDE (__bss_end = .)
                0x00002b1a                        __data_load_start = LOADADDR (.data)
                0x000037aa                        __data_load_end = (__data_load_start + SIZEOF (.data))

.noinit         0x00801b86        0x0
                [!provide]                        PROVIDE (__noinit_start = .)
 *(.noinit .noinit.* .gnu.linkonce.n.*)
                [!provide]                        PROVIDE (__noinit_end = .)
                0x00801b86                        _end = .
                0x00801b86                        PROVIDE (__heap_start = .)
                0x00000000                        __flmap_init_label = DEFINED (__flmap_noinit_start)?__flmap_noinit_start:0x0
                0x00000000                        __flmap = DEFINED (__flmap)?__flmap:0x0

.eeprom         0x00810000        0x0
 *(.eeprom*)
                0x00810000                        __eeprom_end = .

.fuse
 *(.fuse)
 *(.lfuse)
 *(.hfuse)
 *(.efuse)

.lock
 *(.lock*)

.signature
 *(.signature*)

.stab
 *(.stab)

.stabstr
 *(.stabstr)

.stab.excl
 *(.stab.excl)

.stab.exclstr
 *(.stab.exclstr)

.stab.index
 *(.stab.index)

.stab.indexstr
 *(.stab.indexstr)

.comment        0x00000000       0x5c
 *(.comment)
 .comment       0x00000000       0x5c Build\obj\communication.o
                                 0x30 (size before relaxing)
 .comment       0x0000005c       0x30 Build\obj\adc.o
 .comment       0x0000005c       0x30 Build\obj\uart.o
 .comment       0x0000005c       0x30 Build\obj\motor.o
 .comment       0x0000005c       0x30 Build\obj\pathFollower.o
 .comment       0x0000005c       0x30 Build\obj\remoteDataProcessing.o
 .comment       0x0000005c       0x30 Build\obj\timeTask.o
 .comment       0x0000005c       0x30 Build\obj\badISR.o
 .comment       0x0000005c       0x30 Build\obj\main.o
 .comment       0x0000005c       0x30 Build\obj\statemachine.o
 .comment       0x0000005c       0x30 Build\obj\bumper.o
 .comment       0x0000005c       0x30 Build\obj\encoder.o
 .comment       0x0000005c       0x30 C:/HWP/HWP/avr8-gnu-toolchain-4.0.0.52-win32.any.x86_64/avr8-gnu-toolchain-win32_x86_64/bin/../lib/gcc/avr/15.1.0/../../../../avr/lib/avr51\libc.a(malloc.o)
 .comment       0x0000005c       0x30 C:/HWP/HWP/avr8-gnu-toolchain-4.0.0.52-win32.any.x86_64/avr8-gnu-toolchain-win32_x86_64/bin/../lib/gcc/avr/15.1.0/../../../../avr/lib/avr51\libc.a(vsnprintf.o)
 .comment       0x0000005c       0x30 C:/HWP/HWP/avr8-gnu-toolchain-4.0.0.52-win32.any.x86_64/avr8-gnu-toolchain-win32_x86_64/bin/../lib/gcc/avr/15.1.0/../../../../avr/lib/avr51\libc.a(vsnprintf_p.o)
 .comment       0x0000005c       0x2e C:/HWP/HWP/avr8-gnu-toolchain-4.0.0.52-win32.any.x86_64/avr8-gnu-toolchain-win32_x86_64/bin/../lib/gcc/avr/15.1.0/../../../../avr/lib/avr51\libc.a(vfprintf_std.o)
 .comment       0x0000005c       0x30 C:/HWP/HWP/avr8-gnu-toolchain-4.0.0.52-win32.any.x86_64/avr8-gnu-toolchain-win32_x86_64/bin/../lib/gcc/avr/15.1.0/../../../../avr/lib/avr51\libc.a(fputc.o)

.note.gnu.avr.deviceinfo
                0x00000000       0x40
 .note.gnu.avr.deviceinfo
                0x00000000       0x40 C:/HWP/HWP/avr8-gnu-toolchain-4.0.0.52-win32.any.x86_64/avr8-gnu-toolchain-win32_x86_64/bin/../lib/gcc/avr/15.1.0/../../../../avr/lib/avr51/crtatmega1280.o

.gnu.build.attributes
 *(.gnu.build.attributes .gnu.build.attributes.*)

.note.gnu.build-id
 *(.note.gnu.build-id)

.debug
 *(.debug)

.line
 *(.line)

.debug_srcinfo
 *(.debug_srcinfo)

.debug_sfnames
 *(.debug_sfnames)

.debug_aranges  0x00000000      0x3b8
 *(.debug_aranges)
 .debug_aranges
                0x00000000       0x60 Build\obj\communication.o
 .debug_aranges
                0x00000060       0x40 Build\obj\adc.o
 .debug_aranges
                0x000000a0       0x58 Build\obj\uart.o
 .debug_aranges
                0x000000f8       0x50 Build\obj\motor.o
 .debug_aranges
                0x00000148       0x98 Build\obj\pathFollower.o
 .debug_aranges
                0x000001e0       0x38 Build\obj\remoteDataProcessing.o
 .debug_aranges
                0x00000218       0x38 Build\obj\timeTask.o
 .debug_aranges
                0x00000250       0x20 Build\obj\badISR.o
 .debug_aranges
                0x00000270       0x50 Build\obj\main.o
 .debug_aranges
                0x000002c0       0x30 Build\obj\statemachine.o
 .debug_aranges
                0x000002f0       0x20 Build\obj\bumper.o
 .debug_aranges
                0x00000310       0x48 Build\obj\encoder.o
 .debug_aranges
                0x00000358       0x20 Build\obj\adc_isr.o
 .debug_aranges
                0x00000378       0x20 Build\obj\uart_isr.o
 .debug_aranges
                0x00000398       0x20 Build\obj\timeTask_isr.o

.debug_pubnames
 *(.debug_pubnames)

.debug_info     0x00000000     0x5674
 *(.debug_info .gnu.linkonce.wi.*)
 .debug_info    0x00000000      0xbbc C:/HWP/HWP/avr8-gnu-toolchain-4.0.0.52-win32.any.x86_64/avr8-gnu-toolchain-win32_x86_64/bin/../lib/gcc/avr/15.1.0/../../../../avr/lib/avr51/crtatmega1280.o
 .debug_info    0x00000bbc      0x817 Build\obj\communication.o
 .debug_info    0x000013d3      0x423 Build\obj\adc.o
 .debug_info    0x000017f6      0x3e6 Build\obj\uart.o
 .debug_info    0x00001bdc      0x32f Build\obj\motor.o
 .debug_info    0x00001f0b     0x1659 Build\obj\pathFollower.o
 .debug_info    0x00003564      0x3d8 Build\obj\remoteDataProcessing.o
 .debug_info    0x0000393c      0x2b4 Build\obj\timeTask.o
 .debug_info    0x00003bf0      0x11e Build\obj\badISR.o
 .debug_info    0x00003d0e     0x1191 Build\obj\main.o
 .debug_info    0x00004e9f      0x2be Build\obj\statemachine.o
 .debug_info    0x0000515d       0x7d Build\obj\bumper.o
 .debug_info    0x000051da      0x42d Build\obj\encoder.o
 .debug_info    0x00005607       0x25 Build\obj\adc_isr.o
 .debug_info    0x0000562c       0x24 Build\obj\uart_isr.o
 .debug_info    0x00005650       0x24 Build\obj\timeTask_isr.o

.debug_abbrev   0x00000000     0x234f
 *(.debug_abbrev)
 .debug_abbrev  0x00000000      0xb1a C:/HWP/HWP/avr8-gnu-toolchain-4.0.0.52-win32.any.x86_64/avr8-gnu-toolchain-win32_x86_64/bin/../lib/gcc/avr/15.1.0/../../../../avr/lib/avr51/crtatmega1280.o
 .debug_abbrev  0x00000b1a      0x268 Build\obj\communication.o
 .debug_abbrev  0x00000d82      0x20c Build\obj\adc.o
 .debug_abbrev  0x00000f8e      0x1fd Build\obj\uart.o
 .debug_abbrev  0x0000118b      0x17a Build\obj\motor.o
 .debug_abbrev  0x00001305      0x436 Build\obj\pathFollower.o
 .debug_abbrev  0x0000173b      0x196 Build\obj\remoteDataProcessing.o
 .debug_abbrev  0x000018d1      0x19f Build\obj\timeTask.o
 .debug_abbrev  0x00001a70       0xe5 Build\obj\badISR.o
 .debug_abbrev  0x00001b55      0x3fa Build\obj\main.o
 .debug_abbrev  0x00001f4f      0x1fe Build\obj\statemachine.o
 .debug_abbrev  0x0000214d       0x50 Build\obj\bumper.o
 .debug_abbrev  0x0000219d      0x176 Build\obj\encoder.o
 .debug_abbrev  0x00002313       0x14 Build\obj\adc_isr.o
 .debug_abbrev  0x00002327       0x14 Build\obj\uart_isr.o
 .debug_abbrev  0x0000233b       0x14 Build\obj\timeTask_isr.o

.debug_line     0x00000000     0x4f04
 *(.debug_line .debug_line.* .debug_line_end)
 .debug_line    0x00000000       0x1d C:/HWP/HWP/avr8-gnu-toolchain-4.0.0.52-win32.any.x86_64/avr8-gnu-toolchain-win32_x86_64/bin/../lib/gcc/avr/15.1.0/../../../../avr/lib/avr51/crtatmega1280.o
 .debug_line    0x0000001d      0x9da Build\obj\communication.o
 .debug_line    0x000009f7      0x4df Build\obj\adc.o
 .debug_line    0x00000ed6      0x305 Build\obj\uart.o
 .debug_line    0x000011db      0x52c Build\obj\motor.o
 .debug_line    0x00001707     0x1872 Build\obj\pathFollower.o
 .debug_line    0x00002f79      0x22e Build\obj\remoteDataProcessing.o
 .debug_line    0x000031a7      0x30b Build\obj\timeTask.o
 .debug_line    0x000034b2       0xe4 Build\obj\badISR.o
 .debug_line    0x00003596      0xdd5 Build\obj\main.o
 .debug_line    0x0000436b      0x177 Build\obj\statemachine.o
 .debug_line    0x000044e2       0x6c Build\obj\bumper.o
 .debug_line    0x0000454e      0x631 Build\obj\encoder.o
 .debug_line    0x00004b7f      0x1e2 Build\obj\adc_isr.o
 .debug_line    0x00004d61       0x51 Build\obj\uart_isr.o
 .debug_line    0x00004db2      0x152 Build\obj\timeTask_isr.o

.debug_frame    0x00000000      0x884
 *(.debug_frame)
 .debug_frame   0x00000000      0x118 Build\obj\communication.o
 .debug_frame   0x00000118       0x70 Build\obj\adc.o
 .debug_frame   0x00000188       0x94 Build\obj\uart.o
 .debug_frame   0x0000021c       0x90 Build\obj\motor.o
 .debug_frame   0x000002ac      0x210 Build\obj\pathFollower.o
 .debug_frame   0x000004bc       0xa0 Build\obj\remoteDataProcessing.o
 .debug_frame   0x0000055c       0x60 Build\obj\timeTask.o
 .debug_frame   0x000005bc       0x24 Build\obj\badISR.o
 .debug_frame   0x000005e0      0x180 Build\obj\main.o
 .debug_frame   0x00000760       0x54 Build\obj\statemachine.o
 .debug_frame   0x000007b4       0x24 Build\obj\bumper.o
 .debug_frame   0x000007d8       0xac Build\obj\encoder.o

.debug_str      0x00000000     0x1669
 *(.debug_str)
 .debug_str     0x00000000      0x3e6 C:/HWP/HWP/avr8-gnu-toolchain-4.0.0.52-win32.any.x86_64/avr8-gnu-toolchain-win32_x86_64/bin/../lib/gcc/avr/15.1.0/../../../../avr/lib/avr51/crtatmega1280.o
 .debug_str     0x000003e6     0x1283 Build\obj\communication.o
                                0x500 (size before relaxing)
 .debug_str     0x00001669      0x275 Build\obj\adc.o
 .debug_str     0x00001669      0x2a7 Build\obj\uart.o
 .debug_str     0x00001669      0x1dc Build\obj\motor.o
 .debug_str     0x00001669      0x8f2 Build\obj\pathFollower.o
 .debug_str     0x00001669      0x391 Build\obj\remoteDataProcessing.o
 .debug_str     0x00001669      0x222 Build\obj\timeTask.o
 .debug_str     0x00001669      0x198 Build\obj\badISR.o
 .debug_str     0x00001669      0x8fb Build\obj\main.o
 .debug_str     0x00001669      0x25a Build\obj\statemachine.o
 .debug_str     0x00001669      0x148 Build\obj\bumper.o
 .debug_str     0x00001669      0x262 Build\obj\encoder.o
 .debug_str     0x00001669       0x2c Build\obj\adc_isr.o
 .debug_str     0x00001669       0x2e Build\obj\uart_isr.o
 .debug_str     0x00001669       0x39 Build\obj\timeTask_isr.o

.debug_loc
 *(.debug_loc)

.debug_macinfo
 *(.debug_macinfo)

.debug_weaknames
 *(.debug_weaknames)

.debug_funcnames
 *(.debug_funcnames)

.debug_typenames
 *(.debug_typenames)

.debug_varnames
 *(.debug_varnames)

.debug_pubtypes
 *(.debug_pubtypes)

.debug_ranges
 *(.debug_ranges)

.debug_addr
 *(.debug_addr)

.debug_line_str
                0x00000000      0x46b
 *(.debug_line_str)
 .debug_line_str
                0x00000000      0x46b Build\obj\communication.o
                                0x1a7 (size before relaxing)
 .debug_line_str
                0x0000046b      0x144 Build\obj\adc.o
 .debug_line_str
                0x0000046b      0x121 Build\obj\uart.o
 .debug_line_str
                0x0000046b      0x121 Build\obj\motor.o
 .debug_line_str
                0x0000046b      0x1b1 Build\obj\pathFollower.o
 .debug_line_str
                0x0000046b      0x1c3 Build\obj\remoteDataProcessing.o
 .debug_line_str
                0x0000046b      0x147 Build\obj\timeTask.o
 .debug_line_str
                0x0000046b      0x117 Build\obj\badISR.o
 .debug_line_str
                0x0000046b      0x230 Build\obj\main.o
 .debug_line_str
                0x0000046b       0xf7 Build\obj\statemachine.o
 .debug_line_str
                0x0000046b       0xa6 Build\obj\bumper.o
 .debug_line_str
                0x0000046b      0x11b Build\obj\encoder.o
 .debug_line_str
                0x0000046b       0x20 Build\obj\adc_isr.o
 .debug_line_str
                0x0000046b       0x22 Build\obj\uart_isr.o
 .debug_line_str
                0x0000046b       0x2d Build\obj\timeTask_isr.o

.debug_loclists
                0x00000000     0x1d3b
 *(.debug_loclists)
 .debug_loclists
                0x00000000      0x724 Build\obj\communication.o
 .debug_loclists
                0x00000724      0x239 Build\obj\adc.o
 .debug_loclists
                0x0000095d       0xf4 Build\obj\uart.o
 .debug_loclists
                0x00000a51       0xd0 Build\obj\motor.o
 .debug_loclists
                0x00000b21      0xb56 Build\obj\pathFollower.o
 .debug_loclists
                0x00001677      0x124 Build\obj\remoteDataProcessing.o
 .debug_loclists
                0x0000179b       0xe0 Build\obj\timeTask.o
 .debug_loclists
                0x0000187b       0x3c Build\obj\badISR.o
 .debug_loclists
                0x000018b7      0x1ea Build\obj\main.o
 .debug_loclists
                0x00001aa1       0x18 Build\obj\statemachine.o
 .debug_loclists
                0x00001ab9      0x282 Build\obj\encoder.o

.debug_macro
 *(.debug_macro)

.debug_names
 *(.debug_names)

.debug_rnglists
                0x00000000      0x33e
 *(.debug_rnglists)
 .debug_rnglists
                0x00000000       0x8e Build\obj\communication.o
 .debug_rnglists
                0x0000008e       0x47 Build\obj\adc.o
 .debug_rnglists
                0x000000d5       0x49 Build\obj\uart.o
 .debug_rnglists
                0x0000011e       0x38 Build\obj\motor.o
 .debug_rnglists
                0x00000156       0xb7 Build\obj\pathFollower.o
 .debug_rnglists
                0x0000020d       0x26 Build\obj\remoteDataProcessing.o
 .debug_rnglists
                0x00000233       0x25 Build\obj\timeTask.o
 .debug_rnglists
                0x00000258       0x13 Build\obj\badISR.o
 .debug_rnglists
                0x0000026b       0x70 Build\obj\main.o
 .debug_rnglists
                0x000002db       0x1f Build\obj\statemachine.o
 .debug_rnglists
                0x000002fa       0x13 Build\obj\bumper.o
 .debug_rnglists
                0x0000030d       0x31 Build\obj\encoder.o

.debug_str_offsets
 *(.debug_str_offsets)

.debug_sup
 *(.debug_sup)
OUTPUT(Build\HWPRobot.elf elf32-avr)
LOAD linker stubs
